// Jest Snapshot v1, https://goo.gl/fbAQLP

exports[`Crawl Command Displays output to indicate the success of the crawl 1`] = `
"Setup
Crawl
Analyze
Results
======
[33mNo Results[39m

Metrics
=======
[33mNo Results[39m
"
`;
